// Jest Snapshot v1, https://goo.gl/fbAQLP

exports[`App Renders correctly 1`] = `
<div>
  <h1>
    Rick and Morty
  </h1>
</div>
`;
